###############################################################################
#
# IAR ELF Linker V7.70.1.11437/W32 for ARM                15/May/2020  17:31:33
# Copyright 2007-2016 IAR Systems AB.
#
#    Output file  =  D:\NEOPIS\PROMET-S\GitHub\DSP427\Debug\Exe\dsp427.out
#    Map file     =  D:\NEOPIS\PROMET-S\GitHub\DSP427\Debug\List\dsp427.map
#    Command line =  
#        D:\NEOPIS\PROMET-S\GitHub\DSP427\Debug\Obj\board_dsp427.o
#        D:\NEOPIS\PROMET-S\GitHub\DSP427\Debug\Obj\console.o
#        D:\NEOPIS\PROMET-S\GitHub\DSP427\Debug\Obj\getopt.o
#        D:\NEOPIS\PROMET-S\GitHub\DSP427\Debug\Obj\list.o
#        D:\NEOPIS\PROMET-S\GitHub\DSP427\Debug\Obj\main.o
#        D:\NEOPIS\PROMET-S\GitHub\DSP427\Debug\Obj\misc.o
#        D:\NEOPIS\PROMET-S\GitHub\DSP427\Debug\Obj\mystring.o
#        D:\NEOPIS\PROMET-S\GitHub\DSP427\Debug\Obj\procmsg.o
#        D:\NEOPIS\PROMET-S\GitHub\DSP427\Debug\Obj\routine.o
#        D:\NEOPIS\PROMET-S\GitHub\DSP427\Debug\Obj\startup_stm32f427x.o
#        D:\NEOPIS\PROMET-S\GitHub\DSP427\Debug\Obj\stm32f4xx_can.o
#        D:\NEOPIS\PROMET-S\GitHub\DSP427\Debug\Obj\stm32f4xx_crc.o
#        D:\NEOPIS\PROMET-S\GitHub\DSP427\Debug\Obj\stm32f4xx_dma.o
#        D:\NEOPIS\PROMET-S\GitHub\DSP427\Debug\Obj\stm32f4xx_exti.o
#        D:\NEOPIS\PROMET-S\GitHub\DSP427\Debug\Obj\stm32f4xx_flash.o
#        D:\NEOPIS\PROMET-S\GitHub\DSP427\Debug\Obj\stm32f4xx_fmc.o
#        D:\NEOPIS\PROMET-S\GitHub\DSP427\Debug\Obj\stm32f4xx_gpio.o
#        D:\NEOPIS\PROMET-S\GitHub\DSP427\Debug\Obj\stm32f4xx_i2c.o
#        D:\NEOPIS\PROMET-S\GitHub\DSP427\Debug\Obj\stm32f4xx_pwr.o
#        D:\NEOPIS\PROMET-S\GitHub\DSP427\Debug\Obj\stm32f4xx_rcc.o
#        D:\NEOPIS\PROMET-S\GitHub\DSP427\Debug\Obj\stm32f4xx_rng.o
#        D:\NEOPIS\PROMET-S\GitHub\DSP427\Debug\Obj\stm32f4xx_rtc.o
#        D:\NEOPIS\PROMET-S\GitHub\DSP427\Debug\Obj\stm32f4xx_sdio.o
#        D:\NEOPIS\PROMET-S\GitHub\DSP427\Debug\Obj\stm32f4xx_spi.o
#        D:\NEOPIS\PROMET-S\GitHub\DSP427\Debug\Obj\stm32f4xx_syscfg.o
#        D:\NEOPIS\PROMET-S\GitHub\DSP427\Debug\Obj\stm32f4xx_tim.o
#        D:\NEOPIS\PROMET-S\GitHub\DSP427\Debug\Obj\stm32f4xx_usart.o
#        D:\NEOPIS\PROMET-S\GitHub\DSP427\Debug\Obj\stm32f4xx_wwdg.o
#        D:\NEOPIS\PROMET-S\GitHub\DSP427\Debug\Obj\syscntl.o
#        D:\NEOPIS\PROMET-S\GitHub\DSP427\Debug\Obj\sysmsg.o
#        D:\NEOPIS\PROMET-S\GitHub\DSP427\Debug\Obj\system_stm32f4xx.o
#        D:\NEOPIS\PROMET-S\GitHub\DSP427\Debug\Obj\timer.o -o
#        D:\NEOPIS\PROMET-S\GitHub\DSP427\Debug\Exe\dsp427.out --map
#        D:\NEOPIS\PROMET-S\GitHub\DSP427\Debug\List\dsp427.map --config
#        D:\NEOPIS\PROMET-S\GitHub\DSP427\Target\stm32f427xI.icf --entry
#        __iar_program_start "C:\Program Files (x86)\IAR Systems\Embedded
#        Workbench 7.5\arm\CMSIS\Lib\IAR\iar_cortexM4lf_math.a" --vfe
#
###############################################################################

*******************************************************************************
*** RUNTIME MODEL ATTRIBUTES
***

CppFlavor                     = *
__Heap_Handler                = DLMalloc
__SystemLibrary               = DLib
__dlib_dynamic_initialization = normal


*******************************************************************************
*** PLACEMENT SUMMARY
***

"A0":  place at 0x08020000 { ro section .intvec };
"P1":  place in [from 0x08020000 to 0x0803fffb] { ro };
"P2":  place in [from 0x20000000 to 0x2002ffff] { rw, block CSTACK, block HEAP };
initialize by copy { rw };

  Section             Kind        Address    Size  Object
  -------             ----        -------    ----  ------
"A0":                                       0x1ac
  .intvec             ro code  0x08020000   0x1ac  startup_stm32f427x.o [1]
                             - 0x080201ac   0x1ac

"P1":                                      0x6be8
  .text               ro code  0x080201ac  0x14f4  dlmalloc.o [3]
  .text               ro code  0x080216a0     0x6  abort.o [3]
  .text               ro code  0x080216a6     0xa  xsprout.o [3]
  .text               ro code  0x080216b0    0x2c  xgetmemchunk.o [3]
  .text               ro code  0x080216dc     0xc  XXexit.o [5]
  .text               ro code  0x080216e8   0xdb6  xprintffull_nomb.o [3]
  .text               ro code  0x080224a0    0x16  strchr.o [5]
  .text               ro code  0x080224b8    0x36  strlen.o [5]
  .text               ro code  0x080224f0    0x58  memchr.o [5]
  .text               ro code  0x08022548    0xee  I64DivMod.o [5]
  .text               ro code  0x08022638    0x76  ABImemcpy_unaligned.o [5]
  .text               ro code  0x080226ae    0x44  xdnorm.o [4]
  .text               ro code  0x080226f4    0x2e  DblCmpLe.o [4]
  .text               ro code  0x08022724    0x2e  DblCmpGe.o [4]
  .text               ro code  0x08022754   0x114  xdscale.o [4]
  .text               ro code  0x08022868    0x58  DblToI32.o [4]
  .text               ro code  0x080228c0    0x30  I32ToDbl.o [4]
  .text               ro code  0x080228f0   0x180  DblSub.o [4]
  .text               ro code  0x08022a70   0x1a2  DblMul.o [4]
  .text               ro code  0x08022c14   0x256  DblDiv.o [4]
  .text               ro code  0x08022e6c    0x6c  localeconv.o [3]
  .text               ro code  0x08022ed8     0xe  div.o [3]
  .text               ro code  0x08022ee8     0x2  I64DivZer.o [5]
  .text               ro code  0x08022eec    0xd4  DblAdd.o [4]
  .text               ro code  0x08022fc0     0x2  xtls.o [3]
  .text               ro code  0x08022fc4   0x980  board_dsp427.o [1]
  .text               ro code  0x08023944    0x24  printf.o [3]
  .text               ro code  0x08023968   0x30c  stm32f4xx_rcc.o [1]
  .text               ro code  0x08023c74     0xc  stm32f4xx_crc.o [1]
  .text               ro code  0x08023c80   0x518  stm32f4xx_gpio.o [1]
  .text               ro code  0x08024198   0x10c  stm32f4xx_syscfg.o [1]
  .text               ro code  0x080242a4   0x128  misc.o [1]
  .text               ro code  0x080243cc   0x478  stm32f4xx_tim.o [1]
  .text               ro code  0x08024844    0xfc  stm32f4xx_exti.o [1]
  .text               ro code  0x08024940   0x58c  stm32f4xx_usart.o [1]
  .text               ro code  0x08024ecc   0x59c  console.o [1]
  .text               ro code  0x08025468    0x9c  sysmsg.o [1]
  .text               ro code  0x08025504    0x66  ABImemset.o [5]
  .text               ro code  0x0802556a    0xbe  list.o [1]
  .text               ro code  0x08025628    0x2c  vsprintf.o [3]
  .text               ro code  0x08025654    0x42  strcmp_unaligned.o [5]
  .text               ro code  0x08025698    0xdc  procmsg.o [1]
  .text               ro code  0x08025774   0x4a0  mystring.o [1]
  .text               ro code  0x08025c14   0x368  getopt.o [1]
  .text               ro code  0x08025f7c    0x6c  strncpy_unaligned.o [5]
  .text               ro code  0x08025fe8    0x28  isprint.o [3]
  .text               ro code  0x08026010    0x4c  strtok.o [3]
  .text               ro code  0x0802605c    0x28  isxxx.o [3]
  .text               ro code  0x08026084    0x24  strspn.o [3]
  .text               ro code  0x080260a8    0x24  strcspn.o [3]
  .text               ro code  0x080260cc    0x18  setlocale.o [3]
  .text               ro code  0x080260e4    0x16  xlocale_c.o [3]
  .text               ro code  0x080260fa    0x24  xlocale_c.o [3]
  .text               ro code  0x08026120   0x180  system_stm32f4xx.o [1]
  .text               ro code  0x080262a0   0x168  syscntl.o [1]
  .text               ro code  0x08026408   0x13c  timer.o [1]
  .text               ro code  0x08026544    0xa4  routine.o [1]
  .rodata             const    0x080265e8    0x60  stm32f4xx_syscfg.o [1]
  .rodata             const    0x08026648    0x5c  stm32f4xx_exti.o [1]
  .rodata             const    0x080266a4    0x5c  stm32f4xx_gpio.o [1]
  .rodata             const    0x08026700    0x5c  stm32f4xx_rcc.o [1]
  .rodata             const    0x0802675c    0x5c  stm32f4xx_tim.o [1]
  .rodata             const    0x080267b8    0x5c  stm32f4xx_usart.o [1]
  .rodata             const    0x08026814    0x54  misc.o [1]
  .text               ro code  0x08026868    0x52  main.o [1]
  .text               ro code  0x080268ba    0x40  zero_init3.o [5]
  .text               ro code  0x080268fa    0x38  packbits_init_single.o [5]
  .rodata             const    0x08026934    0x30  board_dsp427.o [1]
  .rodata             const    0x08026964    0x2c  console.o [1]
  .text               ro code  0x08026990    0x28  data_init.o [5]
  .rodata             const    0x080269b8    0x24  console.o [1]
  .text               ro code  0x080269dc    0x22  fpinit_M.o [4]
  .iar.init_table     const    0x08026a00    0x20  - Linker created -
  .rodata             const    0x08026a20    0x1c  syscntl.o [1]
  .rodata             const    0x08026a3c    0x1c  syscntl.o [1]
  .rodata             const    0x08026a58    0x1c  syscntl.o [1]
  .text               ro code  0x08026a74    0x1a  cmain.o [5]
  .text               ro code  0x08026a8e     0x4  low_level_init.o [3]
  .text               ro code  0x08026a92     0x4  exit.o [3]
  .text               ro code  0x08026a98     0xa  cexit.o [5]
  .rodata             const    0x08026aa4    0x18  console.o [1]
  .rodata             const    0x08026abc    0x18  syscntl.o [1]
  .rodata             const    0x08026ad4    0x18  syscntl.o [1]
  .rodata             const    0x08026aec    0x18  syscntl.o [1]
  .text               ro code  0x08026b04    0x16  xprout.o [3]
  .text               ro code  0x08026b1c     0xc  putchar.o [3]
  .rodata             const    0x08026b28    0x14  syscntl.o [1]
  .rodata             const    0x08026b3c    0x14  syscntl.o [1]
  .rodata             const    0x08026b50    0x10  board_dsp427.o [1]
  .rodata             const    0x08026b60    0x10  board_dsp427.o [1]
  .rodata             const    0x08026b70    0x10  board_dsp427.o [1]
  .rodata             const    0x08026b80    0x10  board_dsp427.o [1]
  .text               ro code  0x08026b90    0x10  startup_stm32f427x.o [1]
  .rodata             const    0x08026ba0     0xc  console.o [1]
  .rodata             const    0x08026bac     0xc  syscntl.o [1]
  .text               ro code  0x08026bb8     0xc  cstartup_M.o [5]
  .text               ro code  0x08026bc4     0x4  startup_stm32f427x.o [1]
  .text               ro code  0x08026bc8     0x4  startup_stm32f427x.o [1]
  .text               ro code  0x08026bcc     0x4  startup_stm32f427x.o [1]
  .text               ro code  0x08026bd0     0x4  startup_stm32f427x.o [1]
  .text               ro code  0x08026bd4     0x4  startup_stm32f427x.o [1]
  .text               ro code  0x08026bd8     0x4  startup_stm32f427x.o [1]
  .text               ro code  0x08026bdc     0x4  startup_stm32f427x.o [1]
  .text               ro code  0x08026be0     0x4  startup_stm32f427x.o [1]
  .text               ro code  0x08026be4     0x4  startup_stm32f427x.o [1]
  .text               ro code  0x08026be8     0x4  startup_stm32f427x.o [1]
  .text               ro code  0x08026bec     0x4  startup_stm32f427x.o [1]
  .text               ro code  0x08026bf0     0x4  startup_stm32f427x.o [1]
  .text               ro code  0x08026bf4     0x4  startup_stm32f427x.o [1]
  .text               ro code  0x08026bf8     0x4  startup_stm32f427x.o [1]
  .text               ro code  0x08026bfc     0x4  startup_stm32f427x.o [1]
  .text               ro code  0x08026c00     0x4  startup_stm32f427x.o [1]
  .text               ro code  0x08026c04     0x4  startup_stm32f427x.o [1]
  .text               ro code  0x08026c08     0x4  startup_stm32f427x.o [1]
  .text               ro code  0x08026c0c     0x4  startup_stm32f427x.o [1]
  .text               ro code  0x08026c10     0x4  startup_stm32f427x.o [1]
  .text               ro code  0x08026c14     0x4  startup_stm32f427x.o [1]
  .text               ro code  0x08026c18     0x4  startup_stm32f427x.o [1]
  .text               ro code  0x08026c1c     0x4  startup_stm32f427x.o [1]
  .text               ro code  0x08026c20     0x4  startup_stm32f427x.o [1]
  .text               ro code  0x08026c24     0x4  startup_stm32f427x.o [1]
  .text               ro code  0x08026c28     0x4  startup_stm32f427x.o [1]
  .text               ro code  0x08026c2c     0x4  startup_stm32f427x.o [1]
  .text               ro code  0x08026c30     0x4  startup_stm32f427x.o [1]
  .text               ro code  0x08026c34     0x4  startup_stm32f427x.o [1]
  .text               ro code  0x08026c38     0x4  startup_stm32f427x.o [1]
  .text               ro code  0x08026c3c     0x4  startup_stm32f427x.o [1]
  .text               ro code  0x08026c40     0x4  startup_stm32f427x.o [1]
  .text               ro code  0x08026c44     0x4  startup_stm32f427x.o [1]
  .text               ro code  0x08026c48     0x4  startup_stm32f427x.o [1]
  .text               ro code  0x08026c4c     0x4  startup_stm32f427x.o [1]
  .text               ro code  0x08026c50     0x4  startup_stm32f427x.o [1]
  .text               ro code  0x08026c54     0x4  startup_stm32f427x.o [1]
  .text               ro code  0x08026c58     0x4  startup_stm32f427x.o [1]
  .text               ro code  0x08026c5c     0x4  startup_stm32f427x.o [1]
  .text               ro code  0x08026c60     0x4  startup_stm32f427x.o [1]
  .text               ro code  0x08026c64     0x4  startup_stm32f427x.o [1]
  .text               ro code  0x08026c68     0x4  startup_stm32f427x.o [1]
  .text               ro code  0x08026c6c     0x4  startup_stm32f427x.o [1]
  .text               ro code  0x08026c70     0x4  startup_stm32f427x.o [1]
  .text               ro code  0x08026c74     0x4  startup_stm32f427x.o [1]
  .text               ro code  0x08026c78     0x4  startup_stm32f427x.o [1]
  .text               ro code  0x08026c7c     0x4  startup_stm32f427x.o [1]
  .text               ro code  0x08026c80     0x4  startup_stm32f427x.o [1]
  .text               ro code  0x08026c84     0x4  startup_stm32f427x.o [1]
  .text               ro code  0x08026c88     0x4  startup_stm32f427x.o [1]
  .text               ro code  0x08026c8c     0x4  startup_stm32f427x.o [1]
  .text               ro code  0x08026c90     0x4  startup_stm32f427x.o [1]
  .text               ro code  0x08026c94     0x4  startup_stm32f427x.o [1]
  .text               ro code  0x08026c98     0x4  startup_stm32f427x.o [1]
  .text               ro code  0x08026c9c     0x4  startup_stm32f427x.o [1]
  .text               ro code  0x08026ca0     0x4  startup_stm32f427x.o [1]
  .text               ro code  0x08026ca4     0x4  startup_stm32f427x.o [1]
  .text               ro code  0x08026ca8     0x4  startup_stm32f427x.o [1]
  .text               ro code  0x08026cac     0x4  startup_stm32f427x.o [1]
  .text               ro code  0x08026cb0     0x4  startup_stm32f427x.o [1]
  .text               ro code  0x08026cb4     0x4  startup_stm32f427x.o [1]
  .text               ro code  0x08026cb8     0x4  startup_stm32f427x.o [1]
  .text               ro code  0x08026cbc     0x4  startup_stm32f427x.o [1]
  .text               ro code  0x08026cc0     0x4  startup_stm32f427x.o [1]
  .text               ro code  0x08026cc4     0x4  startup_stm32f427x.o [1]
  .text               ro code  0x08026cc8     0x4  startup_stm32f427x.o [1]
  .text               ro code  0x08026ccc     0x4  startup_stm32f427x.o [1]
  .text               ro code  0x08026cd0     0x4  startup_stm32f427x.o [1]
  .text               ro code  0x08026cd4     0x4  startup_stm32f427x.o [1]
  .text               ro code  0x08026cd8     0x4  startup_stm32f427x.o [1]
  .text               ro code  0x08026cdc     0x4  startup_stm32f427x.o [1]
  .text               ro code  0x08026ce0     0x4  startup_stm32f427x.o [1]
  .text               ro code  0x08026ce4     0x4  startup_stm32f427x.o [1]
  .text               ro code  0x08026ce8     0x4  startup_stm32f427x.o [1]
  .text               ro code  0x08026cec     0x4  startup_stm32f427x.o [1]
  .text               ro code  0x08026cf0     0x4  startup_stm32f427x.o [1]
  .text               ro code  0x08026cf4     0x4  startup_stm32f427x.o [1]
  .text               ro code  0x08026cf8     0x4  startup_stm32f427x.o [1]
  .text               ro code  0x08026cfc     0x4  startup_stm32f427x.o [1]
  .text               ro code  0x08026d00     0x4  startup_stm32f427x.o [1]
  .text               ro code  0x08026d04     0x4  startup_stm32f427x.o [1]
  .text               ro code  0x08026d08     0x4  startup_stm32f427x.o [1]
  .text               ro code  0x08026d0c     0x4  startup_stm32f427x.o [1]
  .text               ro code  0x08026d10     0x4  startup_stm32f427x.o [1]
  .text               ro code  0x08026d14     0x4  startup_stm32f427x.o [1]
  .text               ro code  0x08026d18     0x4  startup_stm32f427x.o [1]
  .text               ro code  0x08026d1c     0x4  startup_stm32f427x.o [1]
  .text               ro code  0x08026d20     0x4  startup_stm32f427x.o [1]
  .text               ro code  0x08026d24     0x4  startup_stm32f427x.o [1]
  .text               ro code  0x08026d28     0x4  startup_stm32f427x.o [1]
  .text               ro code  0x08026d2c     0x4  startup_stm32f427x.o [1]
  .text               ro code  0x08026d30     0x4  startup_stm32f427x.o [1]
  .text               ro code  0x08026d34     0x4  startup_stm32f427x.o [1]
  .text               ro code  0x08026d38     0x4  startup_stm32f427x.o [1]
  .text               ro code  0x08026d3c     0x4  startup_stm32f427x.o [1]
  .text               ro code  0x08026d40     0x4  startup_stm32f427x.o [1]
  .text               ro code  0x08026d44     0x4  startup_stm32f427x.o [1]
  .rodata             const    0x08026d48     0x0  zero_init3.o [5]
  .rodata             const    0x08026d48     0x0  packbits_init_single.o [5]
  Initializer bytes   const    0x08026d48    0x4c  <for P2-1>
                             - 0x08026d94  0x6be8

"P2", part 1 of 3:                          0x16c
  P2-1                         0x20000000   0x16c  <Init block>
    .data             inited   0x20000000     0x4  console.o [1]
    .data             inited   0x20000004    0x14  console.o [1]
    .data             inited   0x20000018     0x4  getopt.o [1]
    .data             inited   0x2000001c    0x10  stm32f4xx_rcc.o [1]
    .data             inited   0x2000002c    0x40  xfiles.o [3]
    __DLIB_PERTHREAD  inited   0x2000006c     0x4  strtok.o [3]
    __DLIB_PERTHREAD  inited   0x20000070    0x74  setlocale.o [3]
    __DLIB_PERTHREAD  inited   0x200000e4    0x88  localeconv.o [3]
                             - 0x2000016c   0x16c

"P2", part 2 of 3:                         0xa000
  CSTACK                       0x20000170  0x2000  <Block>
    CSTACK            uninit   0x20000170  0x2000  <Block tail>
  HEAP                         0x20002170  0x8000  <Block>
    HEAP              uninit   0x20002170  0x8000  <Block tail>
                             - 0x2000a170  0xa000

"P2", part 3 of 3:                         0x14e8
  .bss                zero     0x2000a170   0x800  console.o [1]
  .bss                zero     0x2000a970   0x280  timer.o [1]
  .bss                zero     0x2000abf0   0x214  console.o [1]
  .bss                zero     0x2000ae04   0x1d8  dlmalloc.o [3]
  .bss                zero     0x2000afdc   0x180  timer.o [1]
  .bss                zero     0x2000b15c   0x100  console.o [1]
  .bss                zero     0x2000b25c    0xc0  procmsg.o [1]
  .bss                zero     0x2000b31c    0xc0  procmsg.o [1]
  .bss                zero     0x2000b3dc    0xc0  sysmsg.o [1]
  .bss                zero     0x2000b49c    0x60  routine.o [1]
  .bss                zero     0x2000b4fc    0x50  xfiles.o [3]
  .bss                zero     0x2000b54c    0x18  dlmalloc.o [3]
  .bss                zero     0x2000b564    0x14  console.o [1]
  .bss                zero     0x2000b578    0x14  procmsg.o [1]
  .bss                zero     0x2000b58c    0x14  procmsg.o [1]
  .bss                zero     0x2000b5a0    0x14  routine.o [1]
  .bss                zero     0x2000b5b4    0x14  routine.o [1]
  .bss                zero     0x2000b5c8    0x14  routine.o [1]
  .bss                zero     0x2000b5dc    0x14  timer.o [1]
  .bss                zero     0x2000b5f0    0x14  timer.o [1]
  .bss                zero     0x2000b604    0x10  board_dsp427.o [1]
  .bss                zero     0x2000b614     0x4  console.o [1]
  .bss                zero     0x2000b618     0x4  console.o [1]
  .bss                zero     0x2000b61c     0x4  console.o [1]
  .bss                zero     0x2000b620     0x4  console.o [1]
  .bss                zero     0x2000b624     0x4  console.o [1]
  .bss                zero     0x2000b628     0x4  console.o [1]
  .bss                zero     0x2000b62c     0x4  console.o [1]
  .bss                zero     0x2000b630     0x4  getopt.o [1]
  .bss                zero     0x2000b634     0x4  getopt.o [1]
  .bss                zero     0x2000b638     0x4  getopt.o [1]
  .bss                zero     0x2000b63c     0x4  getopt.o [1]
  .bss                zero     0x2000b640     0x4  getopt.o [1]
  .bss                zero     0x2000b644     0x4  syscntl.o [1]
  .bss                zero     0x2000b648     0x4  sysmsg.o [1]
  .bss                zero     0x2000b64c     0x4  sysmsg.o [1]
  .bss                zero     0x2000b650     0x4  xgetmemchunk.o [3]
  .bss                zero     0x2000b654     0x1  getopt.o [1]
                             - 0x2000b655  0x14e5


*******************************************************************************
*** INIT TABLE
***

          Address     Size
          -------     ----
Zero (__iar_zero_init3)
    1 destination range, total size 0x14e5:
          0x2000a170  0x14e5

Copy/packbits (__iar_packbits_init_single3)
    1 source range, total size 0x4c (20% of destination):
          0x08026d48    0x4c
    1 destination range, total size 0x16c:
          0x20000000   0x16c



*******************************************************************************
*** MODULE SUMMARY
***

    Module                  ro code  ro data  rw data
    ------                  -------  -------  -------
D:\NEOPIS\PROMET-S\GitHub\DSP427\Debug\Obj: [1]
    board_dsp427.o            2 432      112       16
    console.o                 1 436      121    2 908
    getopt.o                    872                25
    list.o                      190
    main.o                       82
    misc.o                      296       84
    mystring.o                1 184
    procmsg.o                   220               424
    routine.o                   164               156
    startup_stm32f427x.o        832
    stm32f4xx_crc.o              12
    stm32f4xx_exti.o            252       92
    stm32f4xx_gpio.o          1 304       92
    stm32f4xx_rcc.o             780       96       16
    stm32f4xx_syscfg.o          268       96
    stm32f4xx_tim.o           1 144       92
    stm32f4xx_usart.o         1 420       92
    syscntl.o                   360      208        4
    sysmsg.o                    156               200
    system_stm32f4xx.o          384
    timer.o                     316             1 064
    -------------------------------------------------
    Total:                   14 104    1 085    4 813

command line: [2]
    -------------------------------------------------
    Total:

dl7M_tlf.a: [3]
    abort.o                       6
    div.o                        14
    dlmalloc.o                5 364               496
    exit.o                        4
    isprint.o                    40
    isxxx.o                      40
    localeconv.o                108       29      136
    low_level_init.o              4
    printf.o                     36
    putchar.o                    12
    setlocale.o                  24       24      116
    strcspn.o                    36
    strspn.o                     36
    strtok.o                     76        1        4
    vsprintf.o                   44
    xfiles.o                              13      144
    xgetmemchunk.o               44                 4
    xlocale_c.o                  58
    xprintffull_nomb.o        3 510
    xprout.o                     22
    xsprout.o                    10
    xtls.o                        2
    -------------------------------------------------
    Total:                    9 490       67      900

m7M_tls.a: [4]
    DblAdd.o                    212
    DblCmpGe.o                   46
    DblCmpLe.o                   46
    DblDiv.o                    598
    DblMul.o                    418
    DblSub.o                    384
    DblToI32.o                   88
    I32ToDbl.o                   48
    fpinit_M.o                   34
    xdnorm.o                     68
    xdscale.o                   276
    -------------------------------------------------
    Total:                    2 218

rt7M_tl.a: [5]
    ABImemcpy_unaligned.o       118
    ABImemset.o                 102
    I64DivMod.o                 238
    I64DivZer.o                   2
    XXexit.o                     12
    cexit.o                      10
    cmain.o                      26
    cstartup_M.o                 12
    data_init.o                  40
    memchr.o                     88
    packbits_init_single.o       56
    strchr.o                     22
    strcmp_unaligned.o           66
    strlen.o                     54
    strncpy_unaligned.o         108
    zero_init3.o                 64
    -------------------------------------------------
    Total:                    1 018

    Gaps                         32        6
    Linker created                        32   40 960
-----------------------------------------------------
    Grand Total:             26 862    1 190   46 673


*******************************************************************************
*** ENTRY LIST
***

Entry                      Address   Size  Type      Object
-----                      -------   ----  ----      ------
.iar.init_table$$Base   0x08026a00          --   Gb  - Linker created -
.iar.init_table$$Limit  0x08026a20          --   Gb  - Linker created -
?main                   0x08026a75         Code  Gb  cmain.o [5]
APBAHBPrescTable        0x2000001c   0x10  Data  Lc  stm32f4xx_rcc.o [1]
CRC_ResetDR             0x08023c75    0x8  Code  Gb  stm32f4xx_crc.o [1]
CSTACK$$Base            0x20000170          --   Gb  - Linker created -
CSTACK$$Limit           0x20002170          --   Gb  - Linker created -
EXTI_Init               0x08024845   0xe6  Code  Gb  stm32f4xx_exti.o [1]
GPIO_Init               0x08023c81  0x19a  Code  Gb  stm32f4xx_gpio.o [1]
GPIO_PinAFConfig        0x08023f41  0x226  Code  Gb  stm32f4xx_gpio.o [1]
GPIO_WriteBit           0x08023e1b   0xf2  Code  Gb  stm32f4xx_gpio.o [1]
GetMessage              0x0802572d   0x36  Code  Gb  procmsg.o [1]
GetSystemMessage        0x080254ad   0x48  Code  Gb  sysmsg.o [1]
GetTimerMessage         0x0802644d   0x46  Code  Gb  timer.o [1]
HEAP$$Base              0x20002170          --   Gb  - Linker created -
HEAP$$Limit             0x2000a170          --   Gb  - Linker created -
InitMessage             0x08025699   0x44  Code  Gb  procmsg.o [1]
InitRoutine             0x08026545   0x44  Code  Gb  routine.o [1]
InitSystemMessage       0x08025469   0x10  Code  Gb  sysmsg.o [1]
InitTimerMessage        0x08026409   0x44  Code  Gb  timer.o [1]
ListAddNodeHead         0x0802557f   0x24  Code  Gb  list.o [1]
ListAddNodeTail         0x080255a3   0x2e  Code  Gb  list.o [1]
ListInit                0x0802556b   0x14  Code  Gb  list.o [1]
ListInsertNodeBefore    0x080255f3   0x36  Code  Gb  list.o [1]
ListRemoveHeadNode      0x080255d1   0x22  Code  Gb  list.o [1]
LoadInt                 0x08021c89   0x6e  Code  Lc  xprintffull_nomb.o [3]
NVIC_Init               0x080242d9   0x9a  Code  Gb  misc.o [1]
NVIC_PriorityGroupConfig
                        0x080242a5   0x34  Code  Gb  misc.o [1]
NVIC_SetVectorTable     0x08024373   0x34  Code  Gb  misc.o [1]
RCC_AHB1PeriphClockCmd  0x08023ad7   0x58  Code  Gb  stm32f4xx_rcc.o [1]
RCC_AHB3PeriphClockCmd  0x08023b35   0x58  Code  Gb  stm32f4xx_rcc.o [1]
RCC_APB1PeriphClockCmd  0x08023b91   0x58  Code  Gb  stm32f4xx_rcc.o [1]
RCC_APB2PeriphClockCmd  0x08023bed   0x5c  Code  Gb  stm32f4xx_rcc.o [1]
RCC_Clocks              0x2000b604   0x10  Data  Gb  board_dsp427.o [1]
RCC_GetClocksFreq       0x080239d5  0x102  Code  Gb  stm32f4xx_rcc.o [1]
RCC_MCO2Config          0x08023969   0x6c  Code  Gb  stm32f4xx_rcc.o [1]
Region$$Table$$Base     0x08026a00          --   Gb  - Linker created -
Region$$Table$$Limit    0x08026a20          --   Gb  - Linker created -
RunRoutine              0x08026589   0x4e  Code  Gb  routine.o [1]
SYSCFG_EXTILineConfig   0x08024199  0x104  Code  Gb  stm32f4xx_syscfg.o [1]
SendMessage             0x080256dd   0x50  Code  Gb  procmsg.o [1]
SendSystemMessage       0x08025479   0x34  Code  Gb  sysmsg.o [1]
SendTimerMessage        0x08026493   0x9e  Code  Gb  timer.o [1]
SetSysClock             0x08026173   0xf6  Code  Lc  system_stm32f4xx.o [1]
SystemInit              0x08026121   0x52  Code  Gb  system_stm32f4xx.o [1]
TIM_ClearFlag           0x08024709   0x86  Code  Gb  stm32f4xx_tim.o [1]
TIM_ClearITPendingBit   0x0802478f   0x7e  Code  Gb  stm32f4xx_tim.o [1]
TIM_Cmd                 0x0802454d   0xb4  Code  Gb  stm32f4xx_tim.o [1]
TIM_ITConfig            0x08024639   0xc6  Code  Gb  stm32f4xx_tim.o [1]
TIM_TimeBaseInit        0x080243cd  0x148  Code  Gb  stm32f4xx_tim.o [1]
USART1_IRQHandler       0x08024edd   0xe6  Code  Gb  console.o [1]
USART_Cmd               0x08024b5d   0x86  Code  Gb  stm32f4xx_usart.o [1]
USART_GetFlagStatus     0x08024dcb   0xde  Code  Gb  stm32f4xx_usart.o [1]
USART_ITConfig          0x08024c6d  0x15e  Code  Gb  stm32f4xx_usart.o [1]
USART_Init              0x08024941  0x21c  Code  Gb  stm32f4xx_usart.o [1]
USART_SendData          0x08024be3   0x5c  Code  Gb  stm32f4xx_usart.o [1]
_GPIO_Init              0x0802304d  0x634  Code  Gb  board_dsp427.o [1]
_GenldFullNoMb          0x08022201  0x254  Code  Lc  xprintffull_nomb.o [3]
_IsdstStr               0x20000074    0x4  Data  Gb  setlocale.o [3]
_LdtobFullNoMb          0x08021e01  0x3fa  Code  Lc  xprintffull_nomb.o [3]
_LitobFullNoMb          0x08021cf7  0x10a  Code  Lc  xprintffull_nomb.o [3]
_LocaleC_isalpha        0x080260e5   0x16  Code  Gb  xlocale_c.o [3]
_LocaleC_ispunct        0x080260fb   0x24  Code  Gb  xlocale_c.o [3]
_LocaleForCat           0x080260cd   0x12  Code  Gb  setlocale.o [3]
_LocaleReturnString     0x20000094   0x50  Data  Lc  setlocale.o [3]
_Locale_Profile         0x20000078   0x1c  Data  Gb  setlocale.o [3]
_Locale_aeabi_lconv     0x20000134   0x38  Data  Gb  localeconv.o [3]
_Locale_lconv           0x200000e4   0x50  Data  Gb  localeconv.o [3]
_PrintfFullNoMb         0x080216e9  0x59a  Code  Gb  xprintffull_nomb.o [3]
_Prout                  0x08026b05   0x16  Code  Gb  xprout.o [3]
_PutcharsFullNoMb       0x08022455   0x2e  Code  Lc  xprintffull_nomb.o [3]
_SProut                 0x080216a7    0xa  Code  Gb  xsprout.o [3]
_Strtok_ssave           0x2000006c    0x4  Data  Lc  strtok.o [3]
_SysClock_Init          0x08022fd9   0x74  Code  Gb  board_dsp427.o [1]
_TzoneStr               0x20000070    0x4  Data  Gb  setlocale.o [3]
_UART1_Init             0x08023749   0x40  Code  Gb  board_dsp427.o [1]
__aeabi_cdcmple         0x080226f5         Code  Gb  DblCmpLe.o [4]
__aeabi_cdrcmple        0x08022725         Code  Gb  DblCmpGe.o [4]
__aeabi_d2iz            0x08022869         Code  Gb  DblToI32.o [4]
__aeabi_d2uiz           0x08022895         Code  Gb  DblToI32.o [4]
__aeabi_ddiv            0x08022c15         Code  Gb  DblDiv.o [4]
__aeabi_dmul            0x08022a71         Code  Gb  DblMul.o [4]
__aeabi_dsub            0x080228f1         Code  Gb  DblSub.o [4]
__aeabi_i2d             0x080228c1         Code  Gb  I32ToDbl.o [4]
__aeabi_ldiv0           0x08022ee9         Code  Gb  I64DivZer.o [5]
__aeabi_memset          0x08025505         Code  Gb  ABImemset.o [5]
__aeabi_ui2d            0x080228d5         Code  Gb  I32ToDbl.o [4]
__aeabi_uldivmod        0x08022549         Code  Gb  I64DivMod.o [5]
__cmain                 0x08026a75         Code  Gb  cmain.o [5]
__data_GetMemChunk      0x080216b1   0x2c  Code  Gb  xgetmemchunk.o [3]
__data_GetMemChunk::start
                        0x2000b650    0x4  Data  Lc  xgetmemchunk.o [3]
__exit                  0x080216dd         Code  Gb  XXexit.o [5]
__iar_Dnorm             0x080226af   0x44  Code  Gb  xdnorm.o [4]
__iar_Dscale            0x08022755  0x114  Code  Gb  xdscale.o [4]
__iar_Locale_lconv_init
                        0x08022e6d   0x3a  Code  Gb  localeconv.o [3]
__iar_Memchr            0x080224f1         Code  Gb  memchr.o [5]
__iar_Memset            0x08025505         Code  Gb  ABImemset.o [5]
__iar_Memset_word       0x0802550d         Code  Gb  ABImemset.o [5]
__iar_Stdout            0x2000002c   0x40  Data  Gb  xfiles.o [3]
__iar_Strchr            0x080224a1         Code  Gb  strchr.o [5]
__iar_d2uiz             0x080228a1         Code  Gb  DblToI32.o [4]
__iar_dadd              0x08022eed         Code  Gb  DblAdd.o [4]
__iar_data_init3        0x08026991   0x28  Code  Gb  data_init.o [5]
__iar_dlfree            0x0802117f  0x51a  Code  Gb  dlmalloc.o [3]
__iar_dlib_perthread_access
                        0x08022fc1    0x2  Code  Gb  xtls.o [3]
__iar_dlmalloc          0x08020ec9  0x2aa  Code  Gb  dlmalloc.o [3]
__iar_dsub              0x08022905         Code  Gb  DblSub.o [4]
__iar_dsubStart         0x08022917         Code  Gb  DblSub.o [4]
__iar_init_vfp          0x080269dd         Code  Gb  fpinit_M.o [4]
__iar_packbits_init_single3
                        0x080268fb   0x38  Code  Gb  packbits_init_single.o [5]
__iar_program_start     0x08026bb9         Code  Gb  cstartup_M.o [5]
__iar_ui2d              0x080228d9         Code  Gb  I32ToDbl.o [4]
__iar_unaligned___aeabi_memcpy
                        0x08022639         Code  Gb  ABImemcpy_unaligned.o [5]
__iar_unaligned___aeabi_memcpy4
                        0x08022659         Code  Gb  ABImemcpy_unaligned.o [5]
__iar_unaligned___aeabi_memcpy8
                        0x08022659         Code  Gb  ABImemcpy_unaligned.o [5]
__iar_unaligned_strcmp  0x08025655         Code  Gb  strcmp_unaligned.o [5]
__iar_unaligned_strncpy
                        0x08025f7d         Code  Gb  strncpy_unaligned.o [5]
__iar_zero_init3        0x080268bb   0x40  Code  Gb  zero_init3.o [5]
__low_level_init        0x08026a8f    0x4  Code  Gb  low_level_init.o [3]
__vector_table          0x08020000         Data  Gb  startup_stm32f427x.o [1]
_call_main              0x08026a81         Code  Gb  cmain.o [5]
_con_rx_buff            0x2000b15c  0x100  Data  Lc  console.o [1]
_con_rxlen              0x2000b624    0x4  Data  Lc  console.o [1]
_con_rxrd_ptr           0x2000b614    0x4  Data  Lc  console.o [1]
_con_rxwr_ptr           0x2000b618    0x4  Data  Lc  console.o [1]
_con_tx_buff            0x2000a170  0x800  Data  Lc  console.o [1]
_con_txrd_ptr           0x2000b61c    0x4  Data  Lc  console.o [1]
_con_txwr_ptr           0x2000b620    0x4  Data  Lc  console.o [1]
_console_transfer_f     0x2000b628    0x4  Data  Lc  console.o [1]
_exit                   0x08026a99         Code  Gb  cexit.o [5]
_getopt_initialize      0x08025cbd   0x3c  Code  Lc  getopt.o [1]
_gm_                    0x2000ae04  0x1d8  Data  Lc  dlmalloc.o [3]
_main                   0x08026a8b         Code  Gb  cmain.o [5]
_msg_rd_ptr             0x2000b64c    0x4  Data  Lc  sysmsg.o [1]
_msg_wr_ptr             0x2000b648    0x4  Data  Lc  sysmsg.o [1]
_str_command            0x2000abf0  0x214  Data  Lc  console.o [1]
_str_prefix             0x20000000    0x4  Data  Lc  console.o [1]
_sysmessages            0x2000b3dc   0xc0  Data  Lc  sysmsg.o [1]
abort                   0x080216a1    0x6  Code  Gb  abort.o [3]
assert_failed           0x08022fc5   0x14  Code  Gb  board_dsp427.o [1]
board_HardwareInit      0x08023935   0x10  Code  Gb  board_dsp427.o [1]
board_HwVer             0x080238c7    0xa  Code  Gb  board_dsp427.o [1]
board_InterruptInit     0x08023681   0xa2  Code  Gb  board_dsp427.o [1]
board_TestLed           0x080238d1    0xe  Code  Gb  board_dsp427.o [1]
board_TimerInit         0x08023789  0x13e  Code  Gb  board_dsp427.o [1]
clear_strcmd            0x08025775   0x14  Code  Gb  mystring.o [1]
cmd_HELP                0x20000004   0x14  Data  Lc  console.o [1]
console_AddCommand      0x08025179   0x20  Code  Gb  console.o [1]
console_DispatchMessage
                        0x080251b9  0x11e  Code  Gb  console.o [1]
console_DispatchSysMsg  0x08025199   0x1e  Code  Gb  console.o [1]
console_FindCommand     0x08025151   0x28  Code  Gb  console.o [1]
console_GetMsgHandle    0x08024ed5    0x8  Code  Gb  console.o [1]
console_ProcessInit     0x08024fc3   0xb2  Code  Gb  console.o [1]
console_Recv            0x08025107   0x4a  Code  Gb  console.o [1]
console_RecvSize        0x080250f5   0x12  Code  Gb  console.o [1]
console_RegisterMsgHandle
                        0x08024ecd    0x8  Code  Gb  console.o [1]
console_Send            0x08025075   0x52  Code  Gb  console.o [1]
console_printf          0x080250c7   0x2e  Code  Gb  console.o [1]
div                     0x08022ed9    0xe  Code  Gb  div.o [3]
exchange                0x08025c15   0xa8  Code  Lc  getopt.o [1]
exit                    0x08026a93    0x4  Code  Gb  exit.o [3]
first_nonopt            0x2000b63c    0x4  Data  Lc  getopt.o [1]
fputc                   0x08023723   0x26  Code  Gb  board_dsp427.o [1]
getArguements           0x08025bdf   0x32  Code  Gb  mystring.o [1]
getopt                  0x08025cf9  0x264  Code  Gb  getopt.o [1]
help_DispatchMessage    0x08025399   0x64  Code  Gb  console.o [1]
help_Entry              0x080252d7   0x90  Code  Gb  console.o [1]
help_Exit               0x08025367   0x32  Code  Gb  console.o [1]
init_mparams            0x080201c9   0x32  Code  Lc  dlmalloc.o [3]
init_top                0x080201fb   0x34  Code  Lc  dlmalloc.o [3]
input_strcmd            0x08025789  0x456  Code  Gb  mystring.o [1]
isalpha                 0x0802605d   0x14  Code  Gb  isxxx.o [3]
isprint                 0x08025fe9   0x28  Code  Gb  isprint.o [3]
ispunct                 0x08026071   0x14  Code  Gb  isxxx.o [3]
lCommand                0x2000b564   0x14  Data  Lc  console.o [1]
lCyclicRt               0x2000b5b4   0x14  Data  Lc  routine.o [1]
lFreeMsgNode            0x2000b58c   0x14  Data  Lc  procmsg.o [1]
lFreeRtNode             0x2000b5c8   0x14  Data  Lc  routine.o [1]
lFreeTimerNode          0x2000b5dc   0x14  Data  Lc  timer.o [1]
lPeriodicRt             0x2000b5a0   0x14  Data  Lc  routine.o [1]
lUsedMsgNode            0x2000b578   0x14  Data  Lc  procmsg.o [1]
lUsedTimerNode          0x2000b5f0   0x14  Data  Lc  timer.o [1]
last_nonopt             0x2000b640    0x4  Data  Lc  getopt.o [1]
localeconv              0x08022ea7   0x16  Code  Gb  localeconv.o [3]
main                    0x08026869   0x52  Code  Gb  main.o [1]
memchr                  0x080224f1         Code  Gb  memchr.o [5]
messages                0x2000b25c   0xc0  Data  Lc  procmsg.o [1]
mparams                 0x2000b54c   0x18  Data  Lc  dlmalloc.o [3]
msg_nodes               0x2000b31c   0xc0  Data  Lc  procmsg.o [1]
nextchar                0x2000b638    0x4  Data  Lc  getopt.o [1]
obuf                    0x2000b4fc   0x50  Data  Lc  xfiles.o [3]
optarg                  0x2000b630    0x4  Data  Gb  getopt.o [1]
optind                  0x2000b634    0x4  Data  Gb  getopt.o [1]
optopt                  0x20000018    0x4  Data  Gb  getopt.o [1]
ordering                0x2000b654    0x1  Data  Lc  getopt.o [1]
pDynamicCmdVariable     0x2000b62c    0x4  Data  Gb  console.o [1]
prepend_alloc           0x0802022f  0x372  Code  Lc  dlmalloc.o [3]
printf                  0x08023945   0x24  Code  Gb  printf.o [3]
putchar                 0x08026b1d    0xc  Code  Gb  putchar.o [3]
rt_nodes                0x2000b49c   0x60  Data  Lc  routine.o [1]
segment_holding         0x080201ad   0x1c  Code  Lc  dlmalloc.o [3]
strchr                  0x080224a1         Code  Gb  strchr.o [5]
strcspn                 0x080260a9   0x24  Code  Gb  strcspn.o [3]
strlen                  0x080224b9         Code  Gb  strlen.o [5]
strspn                  0x08026085   0x24  Code  Gb  strspn.o [3]
strtok                  0x08026011   0x4c  Code  Gb  strtok.o [3]
sys_alloc               0x080205a1  0x388  Code  Lc  dlmalloc.o [3]
syscntl_Config          0x08026357   0x1c  Code  Gb  syscntl.o [1]
syscntl_DispatchMessage
                        0x0802637d   0x5e  Code  Gb  syscntl.o [1]
syscntl_ProcessInit     0x08026373    0x8  Code  Gb  syscntl.o [1]
syscntl_ResetHW         0x080262a1   0x50  Code  Gb  syscntl.o [1]
syscntl_ResetSW         0x08026313   0x22  Code  Gb  syscntl.o [1]
syscntl_SetHW           0x080262f1   0x22  Code  Gb  syscntl.o [1]
syscntl_SetSW           0x08026335   0x22  Code  Gb  syscntl.o [1]
syscntl_status          0x2000b644    0x4  Data  Gb  syscntl.o [1]
timer_nodes             0x2000afdc  0x180  Data  Lc  timer.o [1]
timers                  0x2000a970  0x280  Data  Lc  timer.o [1]
tmalloc_large           0x08020935  0x380  Code  Lc  dlmalloc.o [3]
tmalloc_small           0x08020cb5  0x206  Code  Lc  dlmalloc.o [3]
vsprintf                0x08025629   0x2c  Code  Gb  vsprintf.o [3]


[1] = D:\NEOPIS\PROMET-S\GitHub\DSP427\Debug\Obj
[2] = command line
[3] = dl7M_tlf.a
[4] = m7M_tls.a
[5] = rt7M_tl.a

  26 862 bytes of readonly  code memory
   1 190 bytes of readonly  data memory
  46 673 bytes of readwrite data memory

Errors: none
Warnings: none
